13:27:36 **** Incremental Build of configuration Debug for project toggle_led ****
make -j20 all 
arm-none-eabi-gcc "../Src/main.c" -mcpu=cortex-m3 -std=gnu11 -g3 -DSTM32 -DSTM32F1 -DSTM32F103C6Tx -DDEBUG -c -I../Inc -O0 -ffunction-sections -fdata-sections -Wall -fstack-usage -MMD -MP -MF"Src/main.d" -MT"Src/main.o" --specs=nano.specs -mfloat-abi=soft -mthumb -o "Src/main.o"
arm-none-eabi-gcc -o "toggle_led.elf" @"objects.list"   -mcpu=cortex-m3 -T"E:\Embedded_system_oline_diploma\unit-3 embedded_c\lesson1\toggle_led\toggle_led\STM32F103C6TX_FLASH.ld" --specs=nosys.specs -Wl,-Map="toggle_led.map" -Wl,--gc-sections -static --specs=nano.specs -mfloat-abi=soft -mthumb -Wl,--start-group -lc -lm -Wl,--end-group
Finished building target: toggle_led.elf
 
arm-none-eabi-objdump -h -S  toggle_led.elf  > "toggle_led.list"
arm-none-eabi-objcopy  -O ihex  toggle_led.elf  "toggle_led.hex"
arm-none-eabi-objcopy  -O binary  toggle_led.elf  "toggle_led.bin"
arm-none-eabi-size   toggle_led.elf 
   text	   data	    bss	    dec	    hex	filename
    672	     20	   1564	   2256	    8d0	toggle_led.elf
Finished building: default.size.stdout
Finished building: toggle_led.hex
Finished building: toggle_led.bin
Finished building: toggle_led.list
 
 
 
 

13:27:37 Build Finished. 0 errors, 0 warnings. (took 347ms)

